
> fk-services@0.1.0 build
> next build

  Γû▓ Next.js 14.2.35
  - Environments: .env.local

   Creating an optimized production build ...
 Γ£ô Compiled successfully
   Linting and checking validity of types ...
node.exe : 
At C:\Program 
Files\nodejs\npm.ps1:29 char:3
+   & $NODE_EXE $NPM_CLI_JS $args
+   ~~~~~~~~~~~~~~~~~~~~~~~~~~~~~
    + CategoryInfo          : NotSpe 
   cified: (:String) [], RemoteExce  
  ption
    + FullyQualifiedErrorId : Native 
   CommandError
 
Failed to compile.

./app/api/get-service/route.ts
96:11  Error: 
'SERVICE_ID_TO_DURATION' is assigned 
a value but never used.  
@typescript-eslint/no-unused-vars

info  - Need to disable some ESLint 
rules? Learn more here: https://nextj
s.org/docs/basic-features/eslint#disa
bling-rules
